Archive member included because of file (symbol)

c:/program files (x86)/atmel/atmel studio 6.0/extensions/atmel/avrgcc/3.4.1.95/avrtoolchain/bin/../lib/gcc/avr/4.6.2/avr4\libgcc.a(_udivmodhi4.o)
                              My_thermometer.o (__udivmodhi4)
c:/program files (x86)/atmel/atmel studio 6.0/extensions/atmel/avrgcc/3.4.1.95/avrtoolchain/bin/../lib/gcc/avr/4.6.2/avr4\libgcc.a(_exit.o)
                              c:/program files (x86)/atmel/atmel studio 6.0/extensions/atmel/avrgcc/3.4.1.95/avrtoolchain/bin/../lib/gcc/avr/4.6.2/../../../../avr/lib/avr4/crtm8.o (exit)
c:/program files (x86)/atmel/atmel studio 6.0/extensions/atmel/avrgcc/3.4.1.95/avrtoolchain/bin/../lib/gcc/avr/4.6.2/avr4\libgcc.a(_copy_data.o)
                              DS18B20.o (__do_copy_data)
c:/program files (x86)/atmel/atmel studio 6.0/extensions/atmel/avrgcc/3.4.1.95/avrtoolchain/bin/../lib/gcc/avr/4.6.2/avr4\libgcc.a(_clear_bss.o)
                              DS18B20.o (__do_clear_bss)

Memory Configuration

Name             Origin             Length             Attributes
text             0x00000000         0x00002000         xr
data             0x00800060         0x0000ffa0         rw !x
eeprom           0x00810000         0x00010000         rw !x
fuse             0x00820000         0x00000400         rw !x
lock             0x00830000         0x00000400         rw !x
signature        0x00840000         0x00000400         rw !x
*default*        0x00000000         0xffffffff

Linker script and memory map

LOAD c:/program files (x86)/atmel/atmel studio 6.0/extensions/atmel/avrgcc/3.4.1.95/avrtoolchain/bin/../lib/gcc/avr/4.6.2/../../../../avr/lib/avr4/crtm8.o
LOAD DS18B20.o
LOAD lcd.o
LOAD My_thermometer.o
LOAD twi.o
START GROUP
LOAD c:/program files (x86)/atmel/atmel studio 6.0/extensions/atmel/avrgcc/3.4.1.95/avrtoolchain/bin/../lib/gcc/avr/4.6.2/../../../../avr/lib/avr4\libm.a
END GROUP
LOAD c:/program files (x86)/atmel/atmel studio 6.0/extensions/atmel/avrgcc/3.4.1.95/avrtoolchain/bin/../lib/gcc/avr/4.6.2/avr4\libgcc.a
LOAD c:/program files (x86)/atmel/atmel studio 6.0/extensions/atmel/avrgcc/3.4.1.95/avrtoolchain/bin/../lib/gcc/avr/4.6.2/../../../../avr/lib/avr4\libc.a
LOAD c:/program files (x86)/atmel/atmel studio 6.0/extensions/atmel/avrgcc/3.4.1.95/avrtoolchain/bin/../lib/gcc/avr/4.6.2/avr4\libgcc.a

.hash
 *(.hash)

.dynsym
 *(.dynsym)

.dynstr
 *(.dynstr)

.gnu.version
 *(.gnu.version)

.gnu.version_d
 *(.gnu.version_d)

.gnu.version_r
 *(.gnu.version_r)

.rel.init
 *(.rel.init)

.rela.init
 *(.rela.init)

.rel.text
 *(.rel.text)
 *(.rel.text.*)
 *(.rel.gnu.linkonce.t*)

.rela.text
 *(.rela.text)
 *(.rela.text.*)
 *(.rela.gnu.linkonce.t*)

.rel.fini
 *(.rel.fini)

.rela.fini
 *(.rela.fini)

.rel.rodata
 *(.rel.rodata)
 *(.rel.rodata.*)
 *(.rel.gnu.linkonce.r*)

.rela.rodata
 *(.rela.rodata)
 *(.rela.rodata.*)
 *(.rela.gnu.linkonce.r*)

.rel.data
 *(.rel.data)
 *(.rel.data.*)
 *(.rel.gnu.linkonce.d*)

.rela.data
 *(.rela.data)
 *(.rela.data.*)
 *(.rela.gnu.linkonce.d*)

.rel.ctors
 *(.rel.ctors)

.rela.ctors
 *(.rela.ctors)

.rel.dtors
 *(.rel.dtors)

.rela.dtors
 *(.rela.dtors)

.rel.got
 *(.rel.got)

.rela.got
 *(.rela.got)

.rel.bss
 *(.rel.bss)

.rela.bss
 *(.rela.bss)

.rel.plt
 *(.rel.plt)

.rela.plt
 *(.rela.plt)

.text           0x00000000      0x3c4
 *(.vectors)
 .vectors       0x00000000       0x26 c:/program files (x86)/atmel/atmel studio 6.0/extensions/atmel/avrgcc/3.4.1.95/avrtoolchain/bin/../lib/gcc/avr/4.6.2/../../../../avr/lib/avr4/crtm8.o
                0x00000000                __vector_default
                0x00000000                __vectors
 *(.vectors)
 *(.progmem.gcc*)
 *(.progmem*)
                0x00000026                . = ALIGN (0x2)
                0x00000026                __trampolines_start = .
 *(.trampolines)
 .trampolines   0x00000026        0x0 linker stubs
 *(.trampolines*)
                0x00000026                __trampolines_end = .
 *(.jumptables)
 *(.jumptables*)
 *(.lowtext)
 *(.lowtext*)
                0x00000026                __ctors_start = .
 *(.ctors)
                0x00000026                __ctors_end = .
                0x00000026                __dtors_start = .
 *(.dtors)
                0x00000026                __dtors_end = .
 SORT(*)(.ctors)
 SORT(*)(.dtors)
 *(.init0)
 .init0         0x00000026        0x0 c:/program files (x86)/atmel/atmel studio 6.0/extensions/atmel/avrgcc/3.4.1.95/avrtoolchain/bin/../lib/gcc/avr/4.6.2/../../../../avr/lib/avr4/crtm8.o
                0x00000026                __init
 *(.init0)
 *(.init1)
 *(.init1)
 *(.init2)
 .init2         0x00000026        0xc c:/program files (x86)/atmel/atmel studio 6.0/extensions/atmel/avrgcc/3.4.1.95/avrtoolchain/bin/../lib/gcc/avr/4.6.2/../../../../avr/lib/avr4/crtm8.o
 *(.init2)
 *(.init3)
 *(.init3)
 *(.init4)
 .init4         0x00000032       0x16 c:/program files (x86)/atmel/atmel studio 6.0/extensions/atmel/avrgcc/3.4.1.95/avrtoolchain/bin/../lib/gcc/avr/4.6.2/avr4\libgcc.a(_copy_data.o)
                0x00000032                __do_copy_data
 .init4         0x00000048       0x10 c:/program files (x86)/atmel/atmel studio 6.0/extensions/atmel/avrgcc/3.4.1.95/avrtoolchain/bin/../lib/gcc/avr/4.6.2/avr4\libgcc.a(_clear_bss.o)
                0x00000048                __do_clear_bss
 *(.init4)
 *(.init5)
 *(.init5)
 *(.init6)
 *(.init6)
 *(.init7)
 *(.init7)
 *(.init8)
 *(.init8)
 *(.init9)
 .init9         0x00000058        0x4 c:/program files (x86)/atmel/atmel studio 6.0/extensions/atmel/avrgcc/3.4.1.95/avrtoolchain/bin/../lib/gcc/avr/4.6.2/../../../../avr/lib/avr4/crtm8.o
 *(.init9)
 *(.text)
 .text          0x0000005c        0x2 c:/program files (x86)/atmel/atmel studio 6.0/extensions/atmel/avrgcc/3.4.1.95/avrtoolchain/bin/../lib/gcc/avr/4.6.2/../../../../avr/lib/avr4/crtm8.o
                0x0000005c                __vector_1
                0x0000005c                __vector_12
                0x0000005c                __bad_interrupt
                0x0000005c                __vector_6
                0x0000005c                __vector_3
                0x0000005c                __vector_11
                0x0000005c                __vector_13
                0x0000005c                __vector_17
                0x0000005c                __vector_7
                0x0000005c                __vector_5
                0x0000005c                __vector_4
                0x0000005c                __vector_9
                0x0000005c                __vector_2
                0x0000005c                __vector_15
                0x0000005c                __vector_8
                0x0000005c                __vector_14
                0x0000005c                __vector_10
                0x0000005c                __vector_16
                0x0000005c                __vector_18
 .text          0x0000005e      0x15e DS18B20.o
                0x0000005e                dt_testdevice
                0x00000092                dt_sendbit
                0x000000b2                dt_sendbyte
                0x00000108                dt_readbit
                0x00000136                dt_readbyte
                0x00000166                dt_check
                0x000001ae                converttemp
 .text          0x000001bc      0x110 lcd.o
                0x000001bc                sendhalfbyte
                0x000001e2                sendbyte
                0x00000200                sendcharlcd
                0x00000206                setpos
                0x00000218                LCD_ini
                0x0000029c                clearlcd
                0x000002b0                str_lcd
 .text          0x000002cc       0x70 My_thermometer.o
                0x000002cc                port_ini
                0x000002d4                main
 .text          0x0000033c       0x5c twi.o
                0x0000033c                I2C_Init
                0x00000342                I2C_StartCondition
                0x0000034e                I2C_StopCondition
                0x00000354                I2C_SendByte
                0x00000362                I2C_SendByteByADDR
                0x0000037c                I2C_ReadByte
                0x0000038a                I2C_ReadLastByte
 .text          0x00000398        0x0 c:/program files (x86)/atmel/atmel studio 6.0/extensions/atmel/avrgcc/3.4.1.95/avrtoolchain/bin/../lib/gcc/avr/4.6.2/avr4\libgcc.a(_udivmodhi4.o)
 .text          0x00000398        0x0 c:/program files (x86)/atmel/atmel studio 6.0/extensions/atmel/avrgcc/3.4.1.95/avrtoolchain/bin/../lib/gcc/avr/4.6.2/avr4\libgcc.a(_exit.o)
 .text          0x00000398        0x0 c:/program files (x86)/atmel/atmel studio 6.0/extensions/atmel/avrgcc/3.4.1.95/avrtoolchain/bin/../lib/gcc/avr/4.6.2/avr4\libgcc.a(_copy_data.o)
 .text          0x00000398        0x0 c:/program files (x86)/atmel/atmel studio 6.0/extensions/atmel/avrgcc/3.4.1.95/avrtoolchain/bin/../lib/gcc/avr/4.6.2/avr4\libgcc.a(_clear_bss.o)
                0x00000398                . = ALIGN (0x2)
 *(.text.*)
 .text.libgcc   0x00000398       0x28 c:/program files (x86)/atmel/atmel studio 6.0/extensions/atmel/avrgcc/3.4.1.95/avrtoolchain/bin/../lib/gcc/avr/4.6.2/avr4\libgcc.a(_udivmodhi4.o)
                0x00000398                __udivmodhi4
 .text.libgcc   0x000003c0        0x0 c:/program files (x86)/atmel/atmel studio 6.0/extensions/atmel/avrgcc/3.4.1.95/avrtoolchain/bin/../lib/gcc/avr/4.6.2/avr4\libgcc.a(_exit.o)
 .text.libgcc   0x000003c0        0x0 c:/program files (x86)/atmel/atmel studio 6.0/extensions/atmel/avrgcc/3.4.1.95/avrtoolchain/bin/../lib/gcc/avr/4.6.2/avr4\libgcc.a(_copy_data.o)
 .text.libgcc   0x000003c0        0x0 c:/program files (x86)/atmel/atmel studio 6.0/extensions/atmel/avrgcc/3.4.1.95/avrtoolchain/bin/../lib/gcc/avr/4.6.2/avr4\libgcc.a(_clear_bss.o)
                0x000003c0                . = ALIGN (0x2)
 *(.fini9)
 .fini9         0x000003c0        0x0 c:/program files (x86)/atmel/atmel studio 6.0/extensions/atmel/avrgcc/3.4.1.95/avrtoolchain/bin/../lib/gcc/avr/4.6.2/avr4\libgcc.a(_exit.o)
                0x000003c0                _exit
                0x000003c0                exit
 *(.fini9)
 *(.fini8)
 *(.fini8)
 *(.fini7)
 *(.fini7)
 *(.fini6)
 *(.fini6)
 *(.fini5)
 *(.fini5)
 *(.fini4)
 *(.fini4)
 *(.fini3)
 *(.fini3)
 *(.fini2)
 *(.fini2)
 *(.fini1)
 *(.fini1)
 *(.fini0)
 .fini0         0x000003c0        0x4 c:/program files (x86)/atmel/atmel studio 6.0/extensions/atmel/avrgcc/3.4.1.95/avrtoolchain/bin/../lib/gcc/avr/4.6.2/avr4\libgcc.a(_exit.o)
 *(.fini0)
                0x000003c4                _etext = .

.data           0x00800060        0x0 load address 0x000003c4
                0x00800060                PROVIDE (__data_start, .)
 *(.data)
 .data          0x00800060        0x0 c:/program files (x86)/atmel/atmel studio 6.0/extensions/atmel/avrgcc/3.4.1.95/avrtoolchain/bin/../lib/gcc/avr/4.6.2/../../../../avr/lib/avr4/crtm8.o
 .data          0x00800060        0x0 DS18B20.o
 .data          0x00800060        0x0 lcd.o
 .data          0x00800060        0x0 My_thermometer.o
 .data          0x00800060        0x0 twi.o
 .data          0x00800060        0x0 c:/program files (x86)/atmel/atmel studio 6.0/extensions/atmel/avrgcc/3.4.1.95/avrtoolchain/bin/../lib/gcc/avr/4.6.2/avr4\libgcc.a(_udivmodhi4.o)
 .data          0x00800060        0x0 c:/program files (x86)/atmel/atmel studio 6.0/extensions/atmel/avrgcc/3.4.1.95/avrtoolchain/bin/../lib/gcc/avr/4.6.2/avr4\libgcc.a(_exit.o)
 .data          0x00800060        0x0 c:/program files (x86)/atmel/atmel studio 6.0/extensions/atmel/avrgcc/3.4.1.95/avrtoolchain/bin/../lib/gcc/avr/4.6.2/avr4\libgcc.a(_copy_data.o)
 .data          0x00800060        0x0 c:/program files (x86)/atmel/atmel studio 6.0/extensions/atmel/avrgcc/3.4.1.95/avrtoolchain/bin/../lib/gcc/avr/4.6.2/avr4\libgcc.a(_clear_bss.o)
 *(.data*)
 *(.rodata)
 *(.rodata*)
 *(.gnu.linkonce.d*)
                0x00800060                . = ALIGN (0x2)
                0x00800060                _edata = .
                0x00800060                PROVIDE (__data_end, .)

.bss            0x00800060        0x0
                0x00800060                PROVIDE (__bss_start, .)
 *(.bss)
 .bss           0x00800060        0x0 c:/program files (x86)/atmel/atmel studio 6.0/extensions/atmel/avrgcc/3.4.1.95/avrtoolchain/bin/../lib/gcc/avr/4.6.2/../../../../avr/lib/avr4/crtm8.o
 .bss           0x00800060        0x0 DS18B20.o
 .bss           0x00800060        0x0 lcd.o
 .bss           0x00800060        0x0 My_thermometer.o
 .bss           0x00800060        0x0 twi.o
 .bss           0x00800060        0x0 c:/program files (x86)/atmel/atmel studio 6.0/extensions/atmel/avrgcc/3.4.1.95/avrtoolchain/bin/../lib/gcc/avr/4.6.2/avr4\libgcc.a(_udivmodhi4.o)
 .bss           0x00800060        0x0 c:/program files (x86)/atmel/atmel studio 6.0/extensions/atmel/avrgcc/3.4.1.95/avrtoolchain/bin/../lib/gcc/avr/4.6.2/avr4\libgcc.a(_exit.o)
 .bss           0x00800060        0x0 c:/program files (x86)/atmel/atmel studio 6.0/extensions/atmel/avrgcc/3.4.1.95/avrtoolchain/bin/../lib/gcc/avr/4.6.2/avr4\libgcc.a(_copy_data.o)
 .bss           0x00800060        0x0 c:/program files (x86)/atmel/atmel studio 6.0/extensions/atmel/avrgcc/3.4.1.95/avrtoolchain/bin/../lib/gcc/avr/4.6.2/avr4\libgcc.a(_clear_bss.o)
 *(.bss*)
 *(COMMON)
                0x00800060                PROVIDE (__bss_end, .)
                0x000003c4                __data_load_start = LOADADDR (.data)
                0x000003c4                __data_load_end = (__data_load_start + SIZEOF (.data))

.noinit         0x00800060        0x0
                0x00800060                PROVIDE (__noinit_start, .)
 *(.noinit*)
                0x00800060                PROVIDE (__noinit_end, .)
                0x00800060                _end = .
                0x00800060                PROVIDE (__heap_start, .)

.eeprom         0x00810000        0x0
 *(.eeprom*)
                0x00810000                __eeprom_end = .

.fuse
 *(.fuse)
 *(.lfuse)
 *(.hfuse)
 *(.efuse)

.lock
 *(.lock*)

.signature
 *(.signature*)

.stab           0x00000000      0x6cc
 *(.stab)
 .stab          0x00000000      0x6cc c:/program files (x86)/atmel/atmel studio 6.0/extensions/atmel/avrgcc/3.4.1.95/avrtoolchain/bin/../lib/gcc/avr/4.6.2/../../../../avr/lib/avr4/crtm8.o

.stabstr        0x00000000       0x85
 *(.stabstr)
 .stabstr       0x00000000       0x85 c:/program files (x86)/atmel/atmel studio 6.0/extensions/atmel/avrgcc/3.4.1.95/avrtoolchain/bin/../lib/gcc/avr/4.6.2/../../../../avr/lib/avr4/crtm8.o

.stab.excl
 *(.stab.excl)

.stab.exclstr
 *(.stab.exclstr)

.stab.index
 *(.stab.index)

.stab.indexstr
 *(.stab.indexstr)

.comment
 *(.comment)

.debug
 *(.debug)

.line
 *(.line)

.debug_srcinfo
 *(.debug_srcinfo)

.debug_sfnames
 *(.debug_sfnames)

.debug_aranges  0x00000000      0x100
 *(.debug_aranges)
 .debug_aranges
                0x00000000       0x20 DS18B20.o
 .debug_aranges
                0x00000020       0x20 lcd.o
 .debug_aranges
                0x00000040       0x20 My_thermometer.o
 .debug_aranges
                0x00000060       0x20 twi.o
 .debug_aranges
                0x00000080       0x20 c:/program files (x86)/atmel/atmel studio 6.0/extensions/atmel/avrgcc/3.4.1.95/avrtoolchain/bin/../lib/gcc/avr/4.6.2/avr4\libgcc.a(_udivmodhi4.o)
 .debug_aranges
                0x000000a0       0x20 c:/program files (x86)/atmel/atmel studio 6.0/extensions/atmel/avrgcc/3.4.1.95/avrtoolchain/bin/../lib/gcc/avr/4.6.2/avr4\libgcc.a(_exit.o)
 .debug_aranges
                0x000000c0       0x20 c:/program files (x86)/atmel/atmel studio 6.0/extensions/atmel/avrgcc/3.4.1.95/avrtoolchain/bin/../lib/gcc/avr/4.6.2/avr4\libgcc.a(_copy_data.o)
 .debug_aranges
                0x000000e0       0x20 c:/program files (x86)/atmel/atmel studio 6.0/extensions/atmel/avrgcc/3.4.1.95/avrtoolchain/bin/../lib/gcc/avr/4.6.2/avr4\libgcc.a(_clear_bss.o)

.debug_pubnames
 *(.debug_pubnames)

.debug_info     0x00000000      0xfdd
 *(.debug_info)
 .debug_info    0x00000000      0x4cd DS18B20.o
 .debug_info    0x000004cd      0x50e lcd.o
 .debug_info    0x000009db      0x150 My_thermometer.o
 .debug_info    0x00000b2b      0x13e twi.o
 .debug_info    0x00000c69       0xdd c:/program files (x86)/atmel/atmel studio 6.0/extensions/atmel/avrgcc/3.4.1.95/avrtoolchain/bin/../lib/gcc/avr/4.6.2/avr4\libgcc.a(_udivmodhi4.o)
 .debug_info    0x00000d46       0xdd c:/program files (x86)/atmel/atmel studio 6.0/extensions/atmel/avrgcc/3.4.1.95/avrtoolchain/bin/../lib/gcc/avr/4.6.2/avr4\libgcc.a(_exit.o)
 .debug_info    0x00000e23       0xdd c:/program files (x86)/atmel/atmel studio 6.0/extensions/atmel/avrgcc/3.4.1.95/avrtoolchain/bin/../lib/gcc/avr/4.6.2/avr4\libgcc.a(_copy_data.o)
 .debug_info    0x00000f00       0xdd c:/program files (x86)/atmel/atmel studio 6.0/extensions/atmel/avrgcc/3.4.1.95/avrtoolchain/bin/../lib/gcc/avr/4.6.2/avr4\libgcc.a(_clear_bss.o)
 *(.gnu.linkonce.wi.*)

.debug_abbrev   0x00000000      0x4f3
 *(.debug_abbrev)
 .debug_abbrev  0x00000000      0x1a2 DS18B20.o
 .debug_abbrev  0x000001a2      0x163 lcd.o
 .debug_abbrev  0x00000305       0xef My_thermometer.o
 .debug_abbrev  0x000003f4       0xaf twi.o
 .debug_abbrev  0x000004a3       0x14 c:/program files (x86)/atmel/atmel studio 6.0/extensions/atmel/avrgcc/3.4.1.95/avrtoolchain/bin/../lib/gcc/avr/4.6.2/avr4\libgcc.a(_udivmodhi4.o)
 .debug_abbrev  0x000004b7       0x14 c:/program files (x86)/atmel/atmel studio 6.0/extensions/atmel/avrgcc/3.4.1.95/avrtoolchain/bin/../lib/gcc/avr/4.6.2/avr4\libgcc.a(_exit.o)
 .debug_abbrev  0x000004cb       0x14 c:/program files (x86)/atmel/atmel studio 6.0/extensions/atmel/avrgcc/3.4.1.95/avrtoolchain/bin/../lib/gcc/avr/4.6.2/avr4\libgcc.a(_copy_data.o)
 .debug_abbrev  0x000004df       0x14 c:/program files (x86)/atmel/atmel studio 6.0/extensions/atmel/avrgcc/3.4.1.95/avrtoolchain/bin/../lib/gcc/avr/4.6.2/avr4\libgcc.a(_clear_bss.o)

.debug_line     0x00000000      0x9c6
 *(.debug_line)
 .debug_line    0x00000000      0x215 DS18B20.o
 .debug_line    0x00000215      0x2a1 lcd.o
 .debug_line    0x000004b6      0x1d3 My_thermometer.o
 .debug_line    0x00000689       0xfc twi.o
 .debug_line    0x00000785       0x9a c:/program files (x86)/atmel/atmel studio 6.0/extensions/atmel/avrgcc/3.4.1.95/avrtoolchain/bin/../lib/gcc/avr/4.6.2/avr4\libgcc.a(_udivmodhi4.o)
 .debug_line    0x0000081f       0x88 c:/program files (x86)/atmel/atmel studio 6.0/extensions/atmel/avrgcc/3.4.1.95/avrtoolchain/bin/../lib/gcc/avr/4.6.2/avr4\libgcc.a(_exit.o)
 .debug_line    0x000008a7       0x91 c:/program files (x86)/atmel/atmel studio 6.0/extensions/atmel/avrgcc/3.4.1.95/avrtoolchain/bin/../lib/gcc/avr/4.6.2/avr4\libgcc.a(_copy_data.o)
 .debug_line    0x00000938       0x8e c:/program files (x86)/atmel/atmel studio 6.0/extensions/atmel/avrgcc/3.4.1.95/avrtoolchain/bin/../lib/gcc/avr/4.6.2/avr4\libgcc.a(_clear_bss.o)

.debug_frame    0x00000000      0x218
 *(.debug_frame)
 .debug_frame   0x00000000       0xbc DS18B20.o
 .debug_frame   0x000000bc       0x98 lcd.o
 .debug_frame   0x00000154       0x34 My_thermometer.o
 .debug_frame   0x00000188       0x90 twi.o

.debug_str      0x00000000      0x25e
 *(.debug_str)
 .debug_str     0x00000000      0x161 DS18B20.o
                                0x19a (size before relaxing)
 .debug_str     0x00000161       0x5d lcd.o
                                0x197 (size before relaxing)
 .debug_str     0x000001be       0x24 My_thermometer.o
                                0x146 (size before relaxing)
 .debug_str     0x000001e2       0x7c twi.o
                                0x142 (size before relaxing)

.debug_loc      0x00000000      0x496
 *(.debug_loc)
 .debug_loc     0x00000000      0x292 DS18B20.o
 .debug_loc     0x00000292      0x156 lcd.o
 .debug_loc     0x000003e8       0x24 My_thermometer.o
 .debug_loc     0x0000040c       0x8a twi.o

.debug_macinfo
 *(.debug_macinfo)
OUTPUT(My_thermometer.elf elf32-avr)
LOAD linker stubs
